// Jest Snapshot v1, https://goo.gl/fbAQLP

exports[`<PictureModal /> renders without crashing 1`] = `
ShallowWrapper {
  Symbol(enzyme.__root__): [Circular],
  Symbol(enzyme.__unrendered__): <PictureModal
    onClose={[Function]}
    onNext={[Function]}
    onPrevious={[Function]}
    picture={
        Object {
            "farm": 2,
            "href": "https://www.flickr.com/photos/166588675@N05/44592167171/",
            "id": "44592167171",
            "isfamily": 0,
            "isfriend": 0,
            "ispublic": 1,
            "owner": "166588675@N05",
            "ownername": "OldenCam3",
            "secret": "144e4f8561",
            "server": "1848",
            "src": "https://farm2.staticflickr.com/1848/44592167171_144e4f8561.jpg",
            "tags": "",
            "title": "Olden 3",
          }
    }
/>,
  Symbol(enzyme.__renderer__): Object {
    "batchedUpdates": [Function],
    "getNode": [Function],
    "render": [Function],
    "simulateError": [Function],
    "simulateEvent": [Function],
    "unmount": [Function],
  },
  Symbol(enzyme.__node__): Object {
    "instance": null,
    "key": undefined,
    "nodeType": "host",
    "props": Object {
      "children": Array [
        <button
          className="btn"
          onClick={[Function]}
>
          <i
                    className="material-icons"
          >
                    chevron_left
          </i>
</button>,
        <div
          className="modal"
>
          <img
                    alt=""
                    className="image"
                    src="https://farm2.staticflickr.com/1848/44592167171_144e4f8561.jpg"
          />
</div>,
        <div
          className="content"
>
          Title: 
          Olden 3
          <br />
          Tags: 
          
</div>,
        <button
          className="btn"
          onClick={[Function]}
>
          <i
                    className="material-icons"
          >
                    chevron_right
          </i>
</button>,
        <button
          className="close"
          onClick={[Function]}
>
          <i
                    className="material-icons"
          >
                    close
          </i>
</button>,
      ],
      "className": "container",
    },
    "ref": null,
    "rendered": Array [
      Object {
        "instance": null,
        "key": undefined,
        "nodeType": "host",
        "props": Object {
          "children": <i
            className="material-icons"
>
            chevron_left
</i>,
          "className": "btn",
          "onClick": [Function],
        },
        "ref": null,
        "rendered": Object {
          "instance": null,
          "key": undefined,
          "nodeType": "host",
          "props": Object {
            "children": "chevron_left",
            "className": "material-icons",
          },
          "ref": null,
          "rendered": "chevron_left",
          "type": "i",
        },
        "type": "button",
      },
      Object {
        "instance": null,
        "key": undefined,
        "nodeType": "host",
        "props": Object {
          "children": <img
            alt=""
            className="image"
            src="https://farm2.staticflickr.com/1848/44592167171_144e4f8561.jpg"
/>,
          "className": "modal",
        },
        "ref": null,
        "rendered": Object {
          "instance": null,
          "key": undefined,
          "nodeType": "host",
          "props": Object {
            "alt": "",
            "className": "image",
            "src": "https://farm2.staticflickr.com/1848/44592167171_144e4f8561.jpg",
          },
          "ref": null,
          "rendered": null,
          "type": "img",
        },
        "type": "div",
      },
      Object {
        "instance": null,
        "key": undefined,
        "nodeType": "host",
        "props": Object {
          "children": Array [
            "Title: ",
            "Olden 3",
            <br />,
            "Tags: ",
            "",
          ],
          "className": "content",
        },
        "ref": null,
        "rendered": Array [
          "Title: ",
          "Olden 3",
          Object {
            "instance": null,
            "key": undefined,
            "nodeType": "host",
            "props": Object {},
            "ref": null,
            "rendered": null,
            "type": "br",
          },
          "Tags: ",
          "",
        ],
        "type": "div",
      },
      Object {
        "instance": null,
        "key": undefined,
        "nodeType": "host",
        "props": Object {
          "children": <i
            className="material-icons"
>
            chevron_right
</i>,
          "className": "btn",
          "onClick": [Function],
        },
        "ref": null,
        "rendered": Object {
          "instance": null,
          "key": undefined,
          "nodeType": "host",
          "props": Object {
            "children": "chevron_right",
            "className": "material-icons",
          },
          "ref": null,
          "rendered": "chevron_right",
          "type": "i",
        },
        "type": "button",
      },
      Object {
        "instance": null,
        "key": undefined,
        "nodeType": "host",
        "props": Object {
          "children": <i
            className="material-icons"
>
            close
</i>,
          "className": "close",
          "onClick": [Function],
        },
        "ref": null,
        "rendered": Object {
          "instance": null,
          "key": undefined,
          "nodeType": "host",
          "props": Object {
            "children": "close",
            "className": "material-icons",
          },
          "ref": null,
          "rendered": "close",
          "type": "i",
        },
        "type": "button",
      },
    ],
    "type": "div",
  },
  Symbol(enzyme.__nodes__): Array [
    Object {
      "instance": null,
      "key": undefined,
      "nodeType": "host",
      "props": Object {
        "children": Array [
          <button
            className="btn"
            onClick={[Function]}
>
            <i
                        className="material-icons"
            >
                        chevron_left
            </i>
</button>,
          <div
            className="modal"
>
            <img
                        alt=""
                        className="image"
                        src="https://farm2.staticflickr.com/1848/44592167171_144e4f8561.jpg"
            />
</div>,
          <div
            className="content"
>
            Title: 
            Olden 3
            <br />
            Tags: 
            
</div>,
          <button
            className="btn"
            onClick={[Function]}
>
            <i
                        className="material-icons"
            >
                        chevron_right
            </i>
</button>,
          <button
            className="close"
            onClick={[Function]}
>
            <i
                        className="material-icons"
            >
                        close
            </i>
</button>,
        ],
        "className": "container",
      },
      "ref": null,
      "rendered": Array [
        Object {
          "instance": null,
          "key": undefined,
          "nodeType": "host",
          "props": Object {
            "children": <i
              className="material-icons"
>
              chevron_left
</i>,
            "className": "btn",
            "onClick": [Function],
          },
          "ref": null,
          "rendered": Object {
            "instance": null,
            "key": undefined,
            "nodeType": "host",
            "props": Object {
              "children": "chevron_left",
              "className": "material-icons",
            },
            "ref": null,
            "rendered": "chevron_left",
            "type": "i",
          },
          "type": "button",
        },
        Object {
          "instance": null,
          "key": undefined,
          "nodeType": "host",
          "props": Object {
            "children": <img
              alt=""
              className="image"
              src="https://farm2.staticflickr.com/1848/44592167171_144e4f8561.jpg"
/>,
            "className": "modal",
          },
          "ref": null,
          "rendered": Object {
            "instance": null,
            "key": undefined,
            "nodeType": "host",
            "props": Object {
              "alt": "",
              "className": "image",
              "src": "https://farm2.staticflickr.com/1848/44592167171_144e4f8561.jpg",
            },
            "ref": null,
            "rendered": null,
            "type": "img",
          },
          "type": "div",
        },
        Object {
          "instance": null,
          "key": undefined,
          "nodeType": "host",
          "props": Object {
            "children": Array [
              "Title: ",
              "Olden 3",
              <br />,
              "Tags: ",
              "",
            ],
            "className": "content",
          },
          "ref": null,
          "rendered": Array [
            "Title: ",
            "Olden 3",
            Object {
              "instance": null,
              "key": undefined,
              "nodeType": "host",
              "props": Object {},
              "ref": null,
              "rendered": null,
              "type": "br",
            },
            "Tags: ",
            "",
          ],
          "type": "div",
        },
        Object {
          "instance": null,
          "key": undefined,
          "nodeType": "host",
          "props": Object {
            "children": <i
              className="material-icons"
>
              chevron_right
</i>,
            "className": "btn",
            "onClick": [Function],
          },
          "ref": null,
          "rendered": Object {
            "instance": null,
            "key": undefined,
            "nodeType": "host",
            "props": Object {
              "children": "chevron_right",
              "className": "material-icons",
            },
            "ref": null,
            "rendered": "chevron_right",
            "type": "i",
          },
          "type": "button",
        },
        Object {
          "instance": null,
          "key": undefined,
          "nodeType": "host",
          "props": Object {
            "children": <i
              className="material-icons"
>
              close
</i>,
            "className": "close",
            "onClick": [Function],
          },
          "ref": null,
          "rendered": Object {
            "instance": null,
            "key": undefined,
            "nodeType": "host",
            "props": Object {
              "children": "close",
              "className": "material-icons",
            },
            "ref": null,
            "rendered": "close",
            "type": "i",
          },
          "type": "button",
        },
      ],
      "type": "div",
    },
  ],
  Symbol(enzyme.__options__): Object {
    "adapter": ReactSixteenAdapter {
      "options": Object {
        "enableComponentDidUpdateOnSetState": true,
        "lifecycles": Object {
          "componentDidUpdate": Object {
            "onSetState": true,
          },
          "getDerivedStateFromProps": true,
          "getSnapshotBeforeUpdate": true,
          "setState": Object {
            "skipsComponentDidUpdateOnNullish": true,
          },
        },
      },
    },
    "attachTo": undefined,
    "hydrateIn": undefined,
  },
}
`;
