// Jest Snapshot v1, https://goo.gl/fbAQLP

exports[`<Gallery /> renders without crashing 1`] = `
ShallowWrapper {
  Symbol(enzyme.__root__): [Circular],
  Symbol(enzyme.__unrendered__): <Connect(Gallery)
    store={
        Object {
            "clearActions": [Function],
            "dispatch": [Function],
            "getActions": [Function],
            "getState": [Function],
            "replaceReducer": [Function],
            "subscribe": [Function],
          }
    }
/>,
  Symbol(enzyme.__renderer__): Object {
    "batchedUpdates": [Function],
    "getNode": [Function],
    "render": [Function],
    "simulateError": [Function],
    "simulateEvent": [Function],
    "unmount": [Function],
  },
  Symbol(enzyme.__node__): Object {
    "instance": null,
    "key": undefined,
    "nodeType": "class",
    "props": Object {
      "dispatch": [Function],
      "pictures": Object {
        "page": 0,
        "pages": 5,
        "photo": Array [
          Object {
            "farm": 2,
            "href": "https://www.flickr.com/photos/166588675@N05/44592167171/",
            "id": "44592167171",
            "isfamily": 0,
            "isfriend": 0,
            "ispublic": 1,
            "owner": "166588675@N05",
            "ownername": "OldenCam3",
            "secret": "144e4f8561",
            "server": "1848",
            "src": "https://farm2.staticflickr.com/1848/44592167171_144e4f8561.jpg",
            "tags": "",
            "title": "Olden 3",
          },
        ],
      },
      "store": Object {
        "clearActions": [Function],
        "dispatch": [Function],
        "getActions": [Function],
        "getState": [Function],
        "replaceReducer": [Function],
        "subscribe": [Function],
      },
      "storeSubscription": Subscription {
        "listeners": Object {
          "clear": [Function],
          "get": [Function],
          "notify": [Function],
          "subscribe": [Function],
        },
        "onStateChange": [Function],
        "parentSub": undefined,
        "store": Object {
          "clearActions": [Function],
          "dispatch": [Function],
          "getActions": [Function],
          "getState": [Function],
          "replaceReducer": [Function],
          "subscribe": [Function],
        },
        "unsubscribe": [Function],
      },
    },
    "ref": null,
    "rendered": null,
    "type": [Function],
  },
  Symbol(enzyme.__nodes__): Array [
    Object {
      "instance": null,
      "key": undefined,
      "nodeType": "class",
      "props": Object {
        "dispatch": [Function],
        "pictures": Object {
          "page": 0,
          "pages": 5,
          "photo": Array [
            Object {
              "farm": 2,
              "href": "https://www.flickr.com/photos/166588675@N05/44592167171/",
              "id": "44592167171",
              "isfamily": 0,
              "isfriend": 0,
              "ispublic": 1,
              "owner": "166588675@N05",
              "ownername": "OldenCam3",
              "secret": "144e4f8561",
              "server": "1848",
              "src": "https://farm2.staticflickr.com/1848/44592167171_144e4f8561.jpg",
              "tags": "",
              "title": "Olden 3",
            },
          ],
        },
        "store": Object {
          "clearActions": [Function],
          "dispatch": [Function],
          "getActions": [Function],
          "getState": [Function],
          "replaceReducer": [Function],
          "subscribe": [Function],
        },
        "storeSubscription": Subscription {
          "listeners": Object {
            "clear": [Function],
            "get": [Function],
            "notify": [Function],
            "subscribe": [Function],
          },
          "onStateChange": [Function],
          "parentSub": undefined,
          "store": Object {
            "clearActions": [Function],
            "dispatch": [Function],
            "getActions": [Function],
            "getState": [Function],
            "replaceReducer": [Function],
            "subscribe": [Function],
          },
          "unsubscribe": [Function],
        },
      },
      "ref": null,
      "rendered": null,
      "type": [Function],
    },
  ],
  Symbol(enzyme.__options__): Object {
    "adapter": ReactSixteenAdapter {
      "options": Object {
        "enableComponentDidUpdateOnSetState": true,
        "lifecycles": Object {
          "componentDidUpdate": Object {
            "onSetState": true,
          },
          "getDerivedStateFromProps": true,
          "getSnapshotBeforeUpdate": true,
          "setState": Object {
            "skipsComponentDidUpdateOnNullish": true,
          },
        },
      },
    },
    "attachTo": undefined,
    "hydrateIn": undefined,
  },
}
`;
